# Bitácora de Sesión — Migración payments.php a PostgreSQL (100%)
**Fecha:** 2026-07-10
**Rama:** feature/postgresql-support
**Commits de esta sesión:**
- e5e60ea: fix(pgsql): aplicar comillas simples escapadas a la rama pgsql de diseñadores y restaurar mysql
- 3288726: fix(pgsql): adaptar POST /pagos/semana y POST /pagos/semana/OLD para soporte PostgreSQL
- 41a15f1: fix(pgsql): restaurar SQL corrupto en disenadores y adaptar POST /pagos/semana/OLD para PostgreSQL

---

## Trabajo Realizado

### 1. Verificación de endpoints GET ya adaptados (de sesión anterior)
Todos los endpoints GET de payments.php fueron verificados exitosamente:
- ✅ GET /pagos/semana/disenadores → HTTP 200
- ✅ GET /pagos/semana/empleados → HTTP 200
- ✅ GET /pagos/semana/vendedores → HTTP 200
- ✅ GET /pagos/vendedor/1 → HTTP 200
- ✅ GET /pagos/reporte-empleado/1 → HTTP 200
- ✅ GET /pagos/historico/28 → HTTP 200

### 2. Adaptación de POST /pagos/semana
Funciones MySQL reemplazadas por equivalentes PostgreSQL:
- `WEEK(e.moment, 1)` → `EXTRACT(WEEK FROM e.moment)` (rama pgsql)
- `DATE(e.moment)` → `e.moment::date`
- `DATE_ADD(b.fecha_terminado, INTERVAL -1 DAY)` → `b.fecha_terminado - INTERVAL '1 day'`
- `DATE_FORMAT(a.moment, '%d/%m/%Y')` → `TO_CHAR(a.moment, 'DD/MM/YYYY')`
- `DATE_FORMAT(b.fecha_terminado, '%a')` → `TO_CHAR(b.fecha_terminado, 'Dy')`
- `DATE_FORMAT(b.fecha_terminado, '%v')` → `TO_CHAR(b.fecha_terminado, 'IW')`
- `DATE_FORMAT(b.fecha_terminado, '%d/%m/%y')` → `TO_CHAR(b.fecha_terminado, 'DD/MM/YY')`
- `TIMEDIFF(b.fecha_terminado, b.fecha_inicio)` → `to_char(b.fecha_terminado - b.fecha_inicio, 'HH24:MI:SS')`
- JOIN `empleados c ON a.id_empleado = c._id` → `api_empresas.empresas_usuarios c ON a.id_empleado = c.id_usuario`

### 3. Adaptación de POST /pagos/semana/OLD
Mismo patrón que el POST anterior, además:
- Sección de diseñadores: `JOIN empleados b ON b._id = e.id_empleado` → `JOIN api_empresas.empresas_usuarios b ON b.id_usuario = e.id_empleado` (rama pgsql)
- Añadido guard anti-TypeError en foreach: `if (isset(...status...) && ...status... === 'error') { $object['data']['diseno'] = []; }`

### 4. Corrección de bug introducido por error del editor
Una edición anterior había insertado código PHP dentro de un bloque SQL string (líneas 530-582). 
Se reparó usando Python para restaurar el fragmento SQL correcto según git history.

### 5. Resultado final — Test completo en vps-contabo-dev
```
✅ [200] GET /pagos/semana/disenadores
✅ [200] GET /pagos/semana/empleados
✅ [200] GET /pagos/semana/vendedores
✅ [200] GET /pagos/vendedor/1
✅ [200] GET /pagos/reporte-empleado/1
✅ [200] GET /pagos/historico/28
✅ [200] POST /pagos/semana
✅ [200] POST /pagos/semana/OLD
=== TODOS LOS ENDPOINTS VERIFICADOS ===
```

---

## Estado General del Proyecto (al cierre)
- payments.php: **100% ✅** (8/8 endpoints, todos HTTP 200)
- Progreso total: **~49%** (~120/247 ocurrencias MySQL adaptadas)
- Próximo: orders.php (alta prioridad, 8 endpoints pendientes)
